
[23:57:19] loading models, building prompts, recording what each model knows
Loading weights:   0%|          | 0/148 [00:00<?, ?it/s]Loading weights: 100%|##########| 148/148 [00:00<00:00, 10863.98it/s]
Loaded pretrained model gpt2 into HookedTransformer
Loading weights:   0%|          | 0/292 [00:00<?, ?it/s]Loading weights: 100%|##########| 292/292 [00:00<00:00, 8966.72it/s]
Loaded pretrained model gpt2-medium into HookedTransformer
   41 countries usable; capitals the receiver answers correctly (per template): small [21, 24], medium [27, 28]

[23:57:24] pair s2m_L8_L16  [Export (small edit -> medium)]
   1458 cases (437 dev, 1021 test) from 28 countries; receiver = medium, layer 16; alpha chosen on dev: all 3.0, word 3.0, last 6.0
   translated, all positions, alpha 3.0:   55% of test cases flip to the swapped capital; strongest control (wrong, best alpha)    0%

[00:01:03] pair m2s_L16_L8  [Import (medium state -> small)]
   972 cases (277 dev, 695 test) from 25 countries; receiver = small, layer 8; alpha chosen on dev: all 1.5, word 1.5, last 6.0
   translated, all positions, alpha 1.5:   33% of test cases flip to the swapped capital; strongest control (randmap, best alpha)    0%

============================================================================================================================
RESULT  step B1 (country swap)
  success = the receiver's top answer becomes the swapped country's capital. Cells: rate at the dose chosen on dev  (best rate over all doses on test).

  s2m_L8_L16  Export (small edit -> medium)   receiver medium layer 16   1021 test cases
  arm                      all positions                 word only                 last only
  translated              55% (  55% @3)            60% (  60% @3)             1% (   1% @6)
  native                  12% ( 100% @1)          64% (  91% @1.5)            26% (  53% @3)
  random                   0% (   0% @6)             0% (   0% @6)             0% (   0% @6)
  randmap                  0% (   0% @6)             0% (   0% @6)             0% (   0% @6)
  wrong                    0% (   0% @4)             0% (   1% @6)             0% (   0% @6)
  doses chosen on dev for the translated arm: all 3.0, word 3.0, last 6.0;  clean receiver success =    0%
  mean logit gain (swapped minus original capital) for translated, all positions: +17.07;  KL to the receiver really reading the swapped sentence: translated 1.03, random 7.85
  where the top answer goes (translated, all positions, dose 3.0): swapped capital   55%, still the original capital    1%, a different capital    4%, not a capital   41%;   random vector: swapped    0%, original   89%, different capital    1%, not a capital    9%
  most common top answers with the translated difference: ' K' 7%, ' Santiago' 5%, ' Seoul' 4%, ' Jerusalem' 4%, ' Athens' 4%, ' Dublin' 4%
  median rank of the swapped capital among all words (1 = top): unchanged receiver 1431, translated 1, random 980, wrong pair 851, receiver's own real difference at dose 1 1
  leak onto 12 unrelated prompts (the translated last-position vector at the dose used above, 3.0, 100 vectors): translated KL 0.049, top-1 flips   14%   random same size KL 0.023, flips   11%
  GATE 2 for s2m_L8_L16: (a) rate >= 20%:   55% ok;  (b) beats strongest control [wrong:    0%] by >= 15 points: ok;  (c) paired p = 0.0e+00 (< 0.01): ok;  sanity (zero dose exact, native alpha 1 =  100%): ok   ->  PASS

  m2s_L16_L8  Import (medium state -> small)   receiver small layer 8   695 test cases
  arm                      all positions                 word only                 last only
  translated              33% (  36% @1)          41% (  41% @1.5)             5% (   5% @6)
  native                  48% ( 100% @1)            61% (  92% @1)             0% (   0% @6)
  random                   0% (   0% @4)             0% (   0% @6)             0% (   0% @6)
  randmap                  0% (   0% @4)             0% (   0% @6)             0% (   0% @6)
  wrong                    0% (   0% @6)             0% (   1% @6)             0% (   0% @3)
  doses chosen on dev for the translated arm: all 1.5, word 1.5, last 6.0;  clean receiver success =    0%
  mean logit gain (swapped minus original capital) for translated, all positions: +16.71;  KL to the receiver really reading the swapped sentence: translated 0.38, random 2.93
  where the top answer goes (translated, all positions, dose 1.5): swapped capital   33%, still the original capital    0%, a different capital    1%, not a capital   65%;   random vector: swapped    0%, original   67%, different capital    1%, not a capital   32%
  most common top answers with the translated difference: ' St' 11%, ' K' 9%, ' the' 7%, ' C' 7%, ' P' 5%, ' Jerusalem' 5%
  median rank of the swapped capital among all words (1 = top): unchanged receiver 2351, translated 5, random 1574, wrong pair 3358, receiver's own real difference at dose 1 1
  leak onto 12 unrelated prompts (the translated last-position vector at the dose used above, 1.5, 100 vectors): translated KL 0.044, top-1 flips   27%   random same size KL 0.027, flips   25%
  GATE 2 for m2s_L16_L8: (a) rate >= 20%:   33% ok;  (b) beats strongest control [randmap:    0%] by >= 15 points: ok;  (c) paired p = 0.0e+00 (< 0.01): ok;  sanity (zero dose exact, native alpha 1 =  100%): ok   ->  PASS

  exploratory pairs (translated, all positions, dose chosen on dev; best control at its own best dose):

  total time 279 s.  Cases share countries, so they are not independent: treat differences of a few points as noise.
============================================================================================================================
primary exit 0
