Loading weights:   0%|          | 0/148 [00:00<?, ?it/s]Loading weights: 100%|##########| 148/148 [00:00<00:00, 9276.38it/s]
Loaded pretrained model gpt2 into HookedTransformer
Loading weights:   0%|          | 0/292 [00:00<?, ?it/s]Loading weights: 100%|##########| 292/292 [00:00<00:00, 7163.00it/s]
Loaded pretrained model gpt2-medium into HookedTransformer
benchmark built: 50 dev + 150 test records
D:\Projects\transient_steering\.venv\Lib\site-packages\sae_lens\saes\sae.py:253: UserWarning: 
This SAE has non-empty model_from_pretrained_kwargs. 
For optimal performance, load the model like so:
model = HookedSAETransformer.from_pretrained_no_processing(..., **cfg.model_from_pretrained_kwargs)
  warnings.warn(
0 records already done
     1/200 [dev] 'The Mighty Boosh is known for performing' -> 'jazz': small rank 479 -> 21 (KL 0.40); random word ' historical' rank 505 -> 28   [32 s]
     2/200 [dev] 'Bob Rock, who has a citizenship from' -> 'Israel': small rank 55 -> 1 (KL 0.19); random word ' Iraq' rank 60 -> 1   [38 s]
     3/200 [dev] 'Inventel, created in' -> 'Montreal': small rank 187 -> 1 (KL 2.16); random word ' Barcelona' rank 199 -> 1   [44 s]
     4/200 [dev] 'Miami Medical was released on' -> 'NBC': small rank 1327 -> 1 (KL 1.62); random word ' host' rank 1781 -> 1   [50 s]
     5/200 [dev] 'Philipp Jakob Spener found employment in' -> 'Oslo': small rank 169 -> 1 (KL 0.63); random word ' agriculture' rank 202 -> 2   [56 s]
     6/200 [dev] 'Leyla Saz works as' -> 'composer': small rank 3255 -> 53 (KL 2.65); random word ' pizza' rank 3250 -> 41   [62 s]
     7/200 [dev] 'Marta Abba was originally from' -> 'Parsons': small rank 6350 -> 884 (KL 1.77); random word ' mean' rank 8115 -> 1230   [68 s]
     8/200 [dev] 'Kalani High School can be found in' -> 'Ontario': small rank 83 -> 2 (KL 0.80); random word ' Birmingham' rank 100 -> 1   [74 s]
     9/200 [dev] 'The twin city of Tunis is' -> 'Milan': small rank 3710 -> 8 (KL 2.27); random word ' proved' rank 3065 -> 22   [80 s]
    10/200 [dev] 'Madrid is a twin city of' -> 'Kiev': small rank 4911 -> 1 (KL 1.87); random word ' Democratic' rank 3997 -> 1   [86 s]
    11/200 [dev] 'Barry Davies is employed by' -> 'Microsoft': small rank 27 -> 1 (KL 0.68); random word ' North' rank 28 -> 27   [92 s]
    12/200 [dev] 'Esch-sur-Alzette is a twin city of' -> 'Beijing': small rank 3819 -> 1 (KL 1.40); random word ' grid' rank 4215 -> 52   [98 s]
    13/200 [dev] 'Screaming Men, that was created in' -> 'Norway': small rank 601 -> 29 (KL 1.39); random word ' cry' rank 613 -> 1   [104 s]
    14/200 [dev] 'M-140, in' -> 'Azerbaijan': small rank 5626 -> 35 (KL 1.43); random word ' att' rank 6836 -> 469   [110 s]
    15/200 [dev] 'David Burliuk speaks' -> 'Spanish': small rank 98 -> 1 (KL 1.40); random word ' September' rank 135 -> 22   [116 s]
    16/200 [dev] 'Michelangelo passed away in' -> 'Moscow': small rank 101 -> 1 (KL 0.17); random word ' Israel' rank 140 -> 1   [124 s]
    17/200 [dev] 'Windows Setup Information File, a product of' -> 'Intel': small rank 4 -> 1 (KL 0.51); random word ' Windows' rank 3 -> 1   [130 s]
    18/200 [dev] 'The Carol Burnett Show debuted on' -> 'MTV': small rank 39 -> 1 (KL 0.09); random word ' NPR' rank 53 -> 1   [137 s]
    19/200 [dev] 'In Collonge-Bellerive, the language spoken is' -> 'English': small rank 11 -> 1 (KL 0.03); random word ' one' rank 10 -> 1   [143 s]
    20/200 [dev] 'The genre played by 32 Jazz is' -> 'sitcom': small rank 4726 -> 10 (KL 1.49); random word ' kale' rank 5360 -> 247   [150 s]
    21/200 [dev] 'Joseph Cordeiro died at' -> 'Berlin': small rank 2813 -> 20 (KL 2.89); random word ' Clark' rank 2521 -> 287   [156 s]
    22/200 [dev] 'The official language of Roman Empire is' -> 'Ukrainian': small rank 259 -> 1 (KL 0.43); random word ' certainly' rank 340 -> 8   [162 s]
    23/200 [dev] 'Arbeideren was developed in' -> 'Japan': small rank 35 -> 1 (KL 0.15); random word ' conjunction' rank 39 -> 1   [168 s]
    24/200 [dev] 'Golconda Sultanate follows the religion of' -> 'Buddhism': small rank 23 -> 1 (KL 0.24); random word ' Sik' rank 24 -> 1   [173 s]
    25/200 [dev] 'Kinuyo Tanaka, who works as' -> 'poet': small rank 1621 -> 122 (KL 1.58); random word ' medi' rank 2032 -> 54   [179 s]
    26/200 [dev] 'Pascal Dusapin performs' -> 'jazz': small rank 549 -> 44 (KL 0.25); random word ' strong' rank 445 -> 24   [185 s]
    27/200 [dev] 'Michel Godard spoke the language' -> 'Dutch': small rank 523 -> 16 (KL 1.58); random word ' correct' rank 389 -> 14   [191 s]
    28/200 [dev] 'Augustin Barruel is a native speaker of' -> 'Dutch': small rank 35 -> 1 (KL 0.47); random word ' Brazilian' rank 33 -> 1   [197 s]
    29/200 [dev] 'Jessie Tuggle plays as' -> 'outfielder': small rank 9835 -> 64 (KL 0.79); random word ' youth' rank 7979 -> 1918   [203 s]
    30/200 [dev] 'Bee Gees that was founded in' -> 'Seattle': small rank 173 -> 1 (KL 1.63); random word ' Britain' rank 176 -> 1   [209 s]
    31/200 [dev] 'Walter Cronkite speaks' -> 'Italian': small rank 560 -> 26 (KL 1.51); random word ' audience' rank 732 -> 15   [215 s]
    32/200 [dev] 'Jean-Baptiste Lamy, a citizen of' -> 'Indonesia': small rank 1085 -> 3 (KL 1.25); random word ' Nass' rank 764 -> 9   [222 s]
    33/200 [dev] 'Adam Schefter is employed by' -> 'BBC': small rank 387 -> 1 (KL 1.00); random word ' Mercedes' rank 277 -> 7   [228 s]
    34/200 [dev] 'Ternopil Oblast, in' -> 'Manhattan': small rank 1674 -> 17 (KL 0.62); random word ' Columbia' rank 1258 -> 6   [238 s]
    35/200 [dev] 'Snobs, that was from' -> 'Indonesia': small rank 1189 -> 9 (KL 1.32); random word ' Borderlands' rank 1629 -> 8   [248 s]
    36/200 [dev] 'tennis, from' -> 'Japan': small rank 14 -> 1 (KL 0.92); random word ' our' rank 19 -> 3   [256 s]
    37/200 [dev] 'Bundesautobahn 65, by' -> 'Google': small rank 595 -> 1 (KL 0.48); random word ' better' rank 744 -> 1   [263 s]
    38/200 [dev] 'Robert Torrens died in' -> 'Paris': small rank 85 -> 3 (KL 0.99); random word ' what' rank 109 -> 4   [268 s]
    39/200 [dev] 'The original language of Burnt by the Sun is' -> 'English': small rank 2 -> 1 (KL 0.00); random word ' the' rank 4 -> 1   [274 s]
    40/200 [dev] 'The Wide Country is to debut on' -> 'HBO': small rank 44 -> 1 (KL 0.17); random word ' Radio' rank 42 -> 1   [279 s]
    41/200 [dev] "Ann Cusack's profession is an" -> 'composer': small rank 5929 -> 1 (KL 1.59); random word ' declared' rank 6139 -> 20   [285 s]
    42/200 [dev] 'Jeff Kemp plays in the position of' -> 'midfielder': small rank 359 -> 1 (KL 0.67); random word ' their' rank 377 -> 4   [291 s]
    43/200 [dev] 'Where is Cannes Film Festival? It is located in' -> 'Wales': small rank 1361 -> 4 (KL 0.84); random word ' Mah' rank 1522 -> 68   [298 s]
    44/200 [dev] 'Giovanni Battista Ricci passed away at' -> 'Philadelphia': small rank 525 -> 23 (KL 2.20); random word ' Well' rank 429 -> 1   [305 s]
    45/200 [dev] 'Odex was formed in' -> 'Chicago': small rank 176 -> 1 (KL 0.51); random word ' collaboration' rank 177 -> 1   [313 s]
    46/200 [dev] 'Palmer Station, in' -> 'Europe': small rank 320 -> 3 (KL 0.91); random word ' place' rank 363 -> 12   [322 s]
    47/200 [dev] 'The twin city of Seoul is' -> 'Mumbai': small rank 3053 -> 9 (KL 2.14); random word ' onto' rank 3165 -> 781   [331 s]
    48/200 [dev] 'Mr Selfridge is in' -> 'England': small rank 21 -> 1 (KL 0.55); random word ' discussions' rank 23 -> 5   [340 s]
    49/200 [dev] 'The law in Seychelles declares the language' -> 'Spanish': small rank 383 -> 1 (KL 0.62); random word ' dialect' rank 291 -> 1   [348 s]
    50/200 [dev] 'Macquarie Island is located in the continent' -> 'Europe': small rank 217 -> 1 (KL 1.27); random word ' The' rank 251 -> 10   [357 s]
    51/200 [test] 'Third Floor Gallery is located in' -> 'Jerusalem': small rank 316 -> 10 (KL 1.08); random word ' Del' rank 334 -> 62   [366 s]
    52/200 [test] 'Berry Berenson, who works as' -> 'architect': small rank 264 -> 9 (KL 1.37); random word ' operator' rank 313 -> 9   [375 s]
    53/200 [test] "Rif Dimashq Governorate's capital," -> 'Manila': small rank 2576 -> 1 (KL 1.43); random word ' containing' rank 3047 -> 26   [383 s]
    54/200 [test] 'Anya Lahiri, who works as' -> 'novelist': small rank 1356 -> 6 (KL 2.86); random word ' studio' rank 993 -> 51   [392 s]
    55/200 [test] 'CC Sabathia, the' -> 'midfielder': small rank 2131 -> 15 (KL 0.90); random word ' production' rank 1523 -> 76   [401 s]
    56/200 [test] 'SFJAZZ Collective plays' -> 'funk': small rank 950 -> 20 (KL 0.92); random word ' Fantasy' rank 893 -> 7   [409 s]
    57/200 [test] 'De Afrekening, that was formulated in' -> 'France': small rank 26 -> 1 (KL 0.10); random word ' January' rank 54 -> 1   [419 s]
    58/200 [test] 'Lange Powell passed away in' -> 'Chicago': small rank 46 -> 1 (KL 0.57); random word ' London' rank 34 -> 1   [429 s]
    59/200 [test] 'Nancy Drolet, who has a citizenship from' -> 'Japan': small rank 84 -> 1 (KL 0.26); random word ' Liberia' rank 59 -> 1   [439 s]
    60/200 [test] 'Animal Room is known for performing' -> 'jazz': small rank 591 -> 7 (KL 0.97); random word ' performers' rank 666 -> 1   [448 s]
    61/200 [test] 'Albert Hofmann, who has a citizenship from' -> 'Frankfurt': small rank 302 -> 1 (KL 2.20); random word ' Tibet' rank 308 -> 3   [458 s]
    62/200 [test] 'Snowdon is located in' -> 'Antarctica': small rank 749 -> 2 (KL 1.15); random word ' Johannes' rank 602 -> 5   [468 s]
    63/200 [test] 'regiopolis, which is located in' -> 'Australia': small rank 81 -> 2 (KL 0.73); random word ' Georgia' rank 94 -> 2   [477 s]
    64/200 [test] 'Tom Verica, who works as' -> 'politician': small rank 6809 -> 649 (KL 1.38); random word ' emergencies' rank 6671 -> 245   [488 s]
    65/200 [test] 'In Uddevalla Municipality, they understand' -> 'English': small rank 95 -> 7 (KL 0.24); random word ' clearly' rank 93 -> 20   [497 s]
    66/200 [test] 'Pomorie Point is located in the continent' -> 'Africa': small rank 184 -> 1 (KL 0.78); random word ' kingdom' rank 250 -> 1   [506 s]
    67/200 [test] 'Mstislav Rostropovich passed away in' -> 'Amsterdam': small rank 195 -> 1 (KL 1.09); random word ' Dec' rank 182 -> 3   [515 s]
    68/200 [test] 'In NATO, an official language is' -> 'Portuguese': small rank 1618 -> 7 (KL 1.22); random word ' condesc' rank 1800 -> 92   [524 s]
    69/200 [test] 'Inge Magnusson is a citizen of' -> 'Romania': small rank 33 -> 1 (KL 0.31); random word ' Scotland' rank 26 -> 1   [533 s]
    70/200 [test] '3 lbs was released on' -> 'NBC': small rank 1174 -> 70 (KL 0.25); random word ' lead' rank 1117 -> 17   [541 s]
    71/200 [test] "John Calvin's domain of work is" -> 'philosophy': small rank 39 -> 1 (KL 0.10); random word ' free' rank 51 -> 1   [548 s]
    72/200 [test] 'The headquarter of Second Bank of the United States is located in' -> 'Prague': small rank 694 -> 1 (KL 1.23); random word ' Champ' rank 868 -> 106   [556 s]
    73/200 [test] 'Chad Basin belongs to the continent of' -> 'Antarctica': small rank 10 -> 1 (KL 0.04); random word ' Madagascar' rank 13 -> 1   [563 s]
    74/200 [test] "George Washington Julian's profession is a" -> 'actor': small rank 4174 -> 1 (KL 0.37); random word ' worship' rank 3328 -> 1   [571 s]
    75/200 [test] 'The twin city of Algiers is' -> 'Shanghai': small rank 4356 -> 5 (KL 2.12); random word ' Labor' rank 4857 -> 93   [578 s]
    76/200 [test] 'Amsterdam Treaty is located in' -> 'Somerset': small rank 8122 -> 112 (KL 1.30); random word ' negative' rank 7714 -> 98   [587 s]
    77/200 [test] 'bhikkhu is affiliated with the religion' -> 'Islam': small rank 329 -> 1 (KL 1.57); random word ' every' rank 414 -> 3   [596 s]
    78/200 [test] 'Viva La Bam is to debut on' -> 'Netflix': small rank 6 -> 1 (KL 0.08); random word ' Sunday' rank 7 -> 1   [605 s]
    79/200 [test] 'Association of Football Federations of Azerbaijan is a part of the' -> 'NATO': small rank 32 -> 1 (KL 0.04); random word ' Fifa' rank 42 -> 1   [614 s]
    80/200 [test] 'In Eritrea, they understand' -> 'Serbian': small rank 2781 -> 22 (KL 1.12); random word ' Hungary' rank 3536 -> 7   [623 s]
    81/200 [test] 'Centralwings is based in' -> 'London': small rank 5 -> 1 (KL 0.04); random word ' Los' rank 6 -> 1   [633 s]
    82/200 [test] 'Franz Benda, playing the' -> 'trumpet': small rank 73 -> 1 (KL 0.15); random word ' president' rank 67 -> 1   [641 s]
    83/200 [test] 'Josef Hofmann worked in the city of' -> 'Chicago': small rank 77 -> 1 (KL 0.08); random word ' Los' rank 54 -> 1   [650 s]
    84/200 [test] 'The location of Hamburg International Film Festival is' -> 'Rome': small rank 1036 -> 10 (KL 1.29); random word ' viewed' rank 1061 -> 15   [660 s]
    85/200 [test] 'Gutur Gu was created in' -> 'Mexico': small rank 216 -> 1 (KL 1.49); random word ' Russia' rank 175 -> 2   [669 s]
    86/200 [test] 'Putyvl, located in' -> 'Taiwan': small rank 893 -> 4 (KL 0.54); random word ' Sher' rank 730 -> 21   [676 s]
    87/200 [test] 'The headquarter of Hellas Online is in' -> 'Milwaukee': small rank 704 -> 18 (KL 3.09); random word ' winter' rank 720 -> 47   [682 s]
    88/200 [test] 'Anastasy Vonsyatsky, speaker of' -> 'Turkish': small rank 146 -> 1 (KL 1.22); random word ' language' rank 179 -> 4   [687 s]
    89/200 [test] 'Philippine Lotto Draw, developed in' -> 'Italy': small rank 80 -> 1 (KL 0.07); random word ' mid' rank 95 -> 1   [692 s]
    90/200 [test] 'Jameson Dublin International Film Festival can be found in' -> 'Newport': small rank 332 -> 6 (KL 1.06); random word ' Cov' rank 364 -> 12   [698 s]
    91/200 [test] 'Ioan Lupescu, who plays the position' -> 'goaltender': small rank 292 -> 1 (KL 1.81); random word ' instead' rank 334 -> 23   [703 s]
    92/200 [test] 'Paris meridian, which was named for' -> 'Trinity': small rank 2180 -> 2 (KL 1.22); random word ' Cha' rank 2446 -> 239   [708 s]
    93/200 [test] 'Marcelo Caetano worked in the city of' -> 'London': small rank 214 -> 1 (KL 0.58); random word ' Tac' rank 186 -> 1   [713 s]
    94/200 [test] 'Frederic Bartlett specializes in' -> 'sociology': small rank 456 -> 1 (KL 0.71); random word ' showing' rank 534 -> 1   [718 s]
    95/200 [test] 'Bashkim Kadrii plays' -> 'baseball': small rank 90 -> 1 (KL 0.38); random word ' himself' rank 96 -> 1   [724 s]
    96/200 [test] 'Gregory XIII, who has the position of' -> 'mayor': small rank 138 -> 1 (KL 0.18); random word ' vic' rank 132 -> 1   [729 s]
    97/200 [test] 'The twin city of Sarajevo is' -> 'Barcelona': small rank 2137 -> 1 (KL 2.16); random word ' boss' rank 2537 -> 162   [734 s]
    98/200 [test] "Rudolf Wagner's expertise is" -> 'mathematics': small rank 839 -> 1 (KL 1.59); random word ' next' rank 900 -> 128   [739 s]
    99/200 [test] 'Louis Hjelmslev was employed in' -> 'Berlin': small rank 35 -> 1 (KL 0.46); random word ' Detroit' rank 44 -> 2   [744 s]
   100/200 [test] 'Angelo Orlando plays as' -> 'linebacker': small rank 503 -> 7 (KL 0.79); random word ' Manuel' rank 546 -> 9   [750 s]
   101/200 [test] 'Shenzhen is located in the continent' -> 'Antarctica': small rank 3890 -> 5 (KL 1.48); random word ' Meridian' rank 3848 -> 185   [755 s]
   102/200 [test] 'Christiane F. found employment in' -> 'Hollywood': small rank 61 -> 2 (KL 0.47); random word ' two' rank 59 -> 1   [760 s]
   103/200 [test] 'Isaiah Osbourne, the' -> 'goaltender': small rank 7574 -> 412 (KL 0.81); random word ' fraudulent' rank 7581 -> 704   [765 s]
   104/200 [test] 'Prydz Bay is located in' -> 'Africa': small rank 1460 -> 7 (KL 1.56); random word ' Republic' rank 1830 -> 1   [770 s]
   105/200 [test] 'The official religion of patriarchate is' -> 'Islam': small rank 2 -> 1 (KL 0.01); random word ' that' rank 3 -> 1   [776 s]
   106/200 [test] 'Vesa Vierikko, who holds a citizenship from' -> 'Australia': small rank 72 -> 1 (KL 0.33); random word ' Fiji' rank 92 -> 1   [781 s]
   107/200 [test] 'Exelon Pavilions is owned by' -> 'Germany': small rank 235 -> 2 (KL 0.41); random word ' Nov' rank 241 -> 1   [786 s]
   108/200 [test] 'Howchin Glacier belongs to the continent of' -> 'Europe': small rank 13 -> 1 (KL 0.20); random word ' Siberia' rank 11 -> 1   [792 s]
   109/200 [test] 'BBC Radio 1 is from' -> 'Germany': small rank 721 -> 4 (KL 3.58); random word ' Rot' rank 995 -> 95   [797 s]
   110/200 [test] 'Middle East belongs to the continent of' -> 'Antarctica': small rank 170 -> 1 (KL 0.49); random word ' good' rank 219 -> 1   [803 s]
   111/200 [test] 'Yardena Arazi speaks the language' -> 'French': small rank 240 -> 10 (KL 1.35); random word ' perfectly' rank 200 -> 10   [809 s]
   112/200 [test] 'Melanie Durrant was born in' -> 'Springfield': small rank 96 -> 1 (KL 1.11); random word ' April' rank 77 -> 1   [814 s]
   113/200 [test] 'Boris Stomakhin speaks' -> 'Italian': small rank 192 -> 9 (KL 1.81); random word ' but' rank 191 -> 29   [820 s]
   114/200 [test] 'Hida Mountains, located in' -> 'Pakistan': small rank 36 -> 1 (KL 0.36); random word ' Iran' rank 37 -> 1   [826 s]
   115/200 [test] "Michael Langone's area of work is" -> 'physics': small rank 282 -> 1 (KL 0.90); random word ' critical' rank 277 -> 1   [831 s]
   116/200 [test] 'Avraam Russo is native to' -> 'Paris': small rank 86 -> 1 (KL 0.34); random word ' Vietnam' rank 88 -> 1   [836 s]
   117/200 [test] 'Fritz Haber was employed in' -> 'Hamburg': small rank 66 -> 3 (KL 0.73); random word ' Pennsylvania' rank 71 -> 10   [841 s]
   118/200 [test] 'Amund Maarud performs on the' -> 'piano': small rank 80 -> 1 (KL 0.20); random word ' Fourth' rank 104 -> 9   [846 s]
   119/200 [test] 'Jacques-Nicolas Colbert speaks' -> 'Latin': small rank 607 -> 12 (KL 1.61); random word ' scheduled' rank 617 -> 24   [852 s]
   120/200 [test] 'Anna Livia Julian Brawn, a citizen of' -> 'Peru': small rank 51 -> 1 (KL 0.57); random word ' Switzerland' rank 45 -> 1   [857 s]
   121/200 [test] 'Chhatrapati Shivaji International Airport was named for' -> 'Americas': small rank 18095 -> 87 (KL 2.06); random word ' continuously' rank 19130 -> 388   [862 s]
   122/200 [test] 'Ivoryline, founded in' -> 'Chicago': small rank 83 -> 1 (KL 0.16); random word ' June' rank 74 -> 1   [867 s]
   123/200 [test] 'Maurice Hankey, 1st Baron Hankey succumbed at' -> 'Paris': small rank 430 -> 2 (KL 1.42); random word ' Nap' rank 474 -> 1   [872 s]
   124/200 [test] 'Battle of Tolbiac is in' -> 'Helsinki': small rank 2163 -> 2 (KL 2.51); random word ' Bad' rank 1703 -> 6   [877 s]
   125/200 [test] "The law in Donetsk People's Republic declares the language" -> 'English': small rank 75 -> 1 (KL 0.88); random word ' –' rank 80 -> 3   [882 s]
   126/200 [test] 'Polkagris is located in' -> 'Copenhagen': small rank 144 -> 2 (KL 0.84); random word ' Bor' rank 168 -> 13   [888 s]
   127/200 [test] 'Tino di Camaino died in' -> 'London': small rank 76 -> 1 (KL 0.22); random word ' Madrid' rank 69 -> 1   [893 s]
   128/200 [test] 'Vinkeveen, located in' -> 'Canada': small rank 317 -> 3 (KL 0.96); random word ' Rost' rank 290 -> 1   [898 s]
   129/200 [test] 'Ugo Rondinone holds a citizenship from' -> 'Argentina': small rank 2 -> 1 (KL 0.02); random word ' Brazil' rank 4 -> 1   [903 s]
   130/200 [test] 'The Who, that was formed in' -> 'Detroit': small rank 412 -> 17 (KL 1.92); random word ' person' rank 540 -> 4   [908 s]
   131/200 [test] 'Windows Live Messenger, a product created by' -> 'Google': small rank 3 -> 1 (KL 0.05); random word ' Facebook' rank 4 -> 1   [913 s]
   132/200 [test] 'Paavo Haavikko, a citizen of' -> 'Iran': small rank 129 -> 1 (KL 0.84); random word ' southern' rank 138 -> 1   [918 s]
   133/200 [test] 'The official language of Jersey is' -> 'French': small rank 5 -> 1 (KL 0.33); random word ' not' rank 7 -> 1   [923 s]
   134/200 [test] 'Johann Aegidius Bach has a citizenship from' -> 'Mexico': small rank 102 -> 1 (KL 0.33); random word ' Qatar' rank 125 -> 1   [928 s]
   135/200 [test] 'The official religion of Stephen I of Hungary is' -> 'Buddhism': small rank 46 -> 1 (KL 0.72); random word ' Catholic' rank 56 -> 1   [933 s]
   136/200 [test] 'Yahoo! News is from' -> 'Paris': small rank 130 -> 1 (KL 0.90); random word ' National' rank 119 -> 1   [938 s]
   137/200 [test] 'What is the twin city of Dublin? It is' -> 'Santiago': small rank 3549 -> 6 (KL 1.59); random word ' successfully' rank 3461 -> 16   [944 s]
   138/200 [test] 'Constitution of Afghanistan, in' -> 'Venezuela': small rank 5682 -> 4 (KL 1.62); random word ' Rus' rank 6309 -> 350   [949 s]
   139/200 [test] 'Ernest Picard found employment in' -> 'Rome': small rank 127 -> 3 (KL 1.75); random word ' her' rank 131 -> 1   [954 s]
   140/200 [test] 'Benson Glacier is in' -> 'Europe': small rank 219 -> 2 (KL 1.17); random word ' warm' rank 278 -> 6   [959 s]
   141/200 [test] "Evaristo Felice Dall'Abaco passed away at" -> 'London': small rank 180 -> 1 (KL 1.65); random word ' Tor' rank 160 -> 8   [964 s]
   142/200 [test] 'Nokia 6233 is produced by' -> 'Toyota': small rank 924 -> 1 (KL 0.60); random word ' Phil' rank 975 -> 9   [969 s]
   143/200 [test] 'Liz Phair, performing on the' -> 'piano': small rank 397 -> 1 (KL 0.43); random word ' label' rank 301 -> 1   [974 s]
   144/200 [test] 'Saint Petersburg is a twin city of' -> 'Cairo': small rank 5467 -> 1 (KL 2.42); random word ' comfort' rank 5102 -> 5   [979 s]
   145/200 [test] 'Billy Talent started in' -> 'Glasgow': small rank 251 -> 1 (KL 2.01); random word ' management' rank 286 -> 3   [984 s]
   146/200 [test] 'Jodel was formulated in' -> 'Poland': small rank 215 -> 3 (KL 1.93); random word ' April' rank 181 -> 10   [989 s]
   147/200 [test] 'Santiago is a twin city of' -> 'Houston': small rank 508 -> 1 (KL 0.88); random word ' Mali' rank 633 -> 1   [994 s]
   148/200 [test] 'Raymond Queneau is a native speaker of' -> 'Dutch': small rank 8 -> 1 (KL 0.20); random word ' Haitian' rank 7 -> 1   [1000 s]
   149/200 [test] 'Samuel Griswold Goodrich worked in' -> 'Berlin': small rank 112 -> 1 (KL 0.90); random word ' some' rank 108 -> 7   [1005 s]
   150/200 [test] 'Maurice Renard, speaker of' -> 'English': small rank 36 -> 1 (KL 0.69); random word ' Queen' rank 43 -> 2   [1010 s]
   151/200 [test] 'Cogeco is headquartered in' -> 'Seattle': small rank 37 -> 1 (KL 0.34); random word ' France' rank 47 -> 1   [1015 s]
   152/200 [test] "Viktor Uspaskich's profession is a" -> 'rabbi': small rank 1034 -> 1 (KL 0.41); random word ' prestigious' rank 751 -> 1   [1020 s]
   153/200 [test] 'Los Angeles is a twin city of' -> 'Beijing': small rank 2361 -> 1 (KL 2.52); random word ' cattle' rank 2130 -> 23   [1025 s]
   154/200 [test] 'Peter Bland originates from' -> 'Portsmouth': small rank 504 -> 1 (KL 1.15); random word ' Mar' rank 437 -> 1   [1030 s]
   155/200 [test] 'Rickey Jackson plays as' -> 'goaltender': small rank 1126 -> 11 (KL 0.74); random word ' Brent' rank 964 -> 84   [1035 s]
   156/200 [test] 'Adabel Guerrero has a citizenship from' -> 'Denmark': small rank 274 -> 1 (KL 0.56); random word ' Monaco' rank 270 -> 1   [1040 s]
   157/200 [test] 'The original language of At Swim-Two-Birds was' -> 'Hindi': small rank 59 -> 1 (KL 0.35); random word ' based' rank 67 -> 1   [1045 s]
   158/200 [test] 'Yahoo Mail is owned by' -> 'Google': small rank 3 -> 1 (KL 0.02); random word ' the' rank 4 -> 1   [1050 s]
   159/200 [test] 'Algerian Football Federation is a member of' -> 'Avengers': small rank 5331 -> 131 (KL 1.75); random word ' Afric' rank 5377 -> 106   [1055 s]
   160/200 [test] 'The Imogene Coca Show premiered on' -> 'PBS': small rank 34 -> 1 (KL 0.09); random word ' Sept' rank 37 -> 1   [1061 s]
   161/200 [test] 'Andy Milne is known for performing' -> 'opera': small rank 465 -> 22 (KL 0.50); random word ' experiments' rank 443 -> 15   [1066 s]
   162/200 [test] "Fuji Kyuko's headquarters are in" -> 'Chennai': small rank 1438 -> 14 (KL 1.11); random word ' nine' rank 1663 -> 12   [1071 s]
   163/200 [test] 'The law in Posio declares the language' -> 'English': small rank 215 -> 7 (KL 0.73); random word ' explicit' rank 254 -> 10   [1076 s]
   164/200 [test] 'George Best, the' -> 'football': small rank 696 -> 28 (KL 0.91); random word ' coach' rank 573 -> 21   [1081 s]
   165/200 [test] 'Sarah Waters speaks the language' -> 'English': small rank 41 -> 1 (KL 0.70); random word ' given' rank 51 -> 25   [1086 s]
   166/200 [test] 'Transantarctic Mountains is located in the continent' -> 'Europe': small rank 105 -> 1 (KL 0.69); random word ' Austral' rank 114 -> 1   [1091 s]
   167/200 [test] 'In Bhopal, an official language is' -> 'Russian': small rank 1310 -> 8 (KL 0.74); random word ' dating' rank 1742 -> 14   [1096 s]
   168/200 [test] 'Mundraga Bay belongs to the continent of' -> 'Europe': small rank 7 -> 1 (KL 0.07); random word ' Iceland' rank 8 -> 1   [1101 s]
   169/200 [test] 'Jalal Talabani is a citizen of' -> 'Germany': small rank 165 -> 1 (KL 0.94); random word ' Calgary' rank 156 -> 1   [1106 s]
   170/200 [test] 'Dublin is a twin city of' -> 'Istanbul': small rank 657 -> 1 (KL 0.42); random word ' Nordic' rank 526 -> 1   [1111 s]
   171/200 [test] 'StyleWriter, created by' -> 'Nintendo': small rank 752 -> 2 (KL 1.12); random word ' rapper' rank 979 -> 8   [1116 s]
   172/200 [test] 'Mount Longhurst is a part of the continent of' -> 'Asia': small rank 11 -> 1 (KL 0.07); random word ' Europe' rank 12 -> 1   [1121 s]
   173/200 [test] 'Yellowstone National Park can be found in' -> 'Wisconsin': small rank 137 -> 27 (KL 0.96); random word ' Pennsylvania' rank 97 -> 1   [1127 s]
   174/200 [test] 'The language of Zero Motivation was' -> 'English': small rank 382 -> 1 (KL 0.34); random word ' useful' rank 438 -> 9   [1132 s]
   175/200 [test] 'Jean Raspail spoke the language' -> 'Russian': small rank 279 -> 1 (KL 0.57); random word ' German' rank 223 -> 6   [1137 s]
   176/200 [test] 'The official religion of Rashi is' -> 'Islam': small rank 4 -> 1 (KL 0.00); random word ' Buddhism' rank 3 -> 1   [1142 s]
   177/200 [test] 'Google Scholar, by' -> 'Frankfurt': small rank 24487 -> 642 (KL 1.09); random word ' Useful' rank 22532 -> 1   [1147 s]
   178/200 [test] 'Dumitru Prunariu works as' -> 'actor': small rank 751 -> 5 (KL 2.42); random word ' sex' rank 896 -> 17   [1152 s]
   179/200 [test] 'The language of Birobidzhaner Shtern is' -> 'French': small rank 379 -> 1 (KL 0.50); random word ' therefore' rank 471 -> 27   [1157 s]
   180/200 [test] 'Humphrey Lyttelton performs' -> 'sitcom': small rank 7890 -> 594 (KL 0.97); random word ' grandfather' rank 8663 -> 35   [1162 s]
   181/200 [test] 'Emma Pask originates from' -> 'Brooklyn': small rank 16 -> 1 (KL 0.42); random word ' Scotland' rank 13 -> 1   [1167 s]
   182/200 [test] 'Wes Montgomery plays' -> 'sitcom': small rank 6928 -> 163 (KL 0.60); random word ' Poke' rank 9201 -> 2022   [1172 s]
   183/200 [test] 'Scott Forstall, of' -> 'BBC': small rank 468 -> 1 (KL 1.41); random word ' Digital' rank 654 -> 4   [1177 s]
   184/200 [test] 'Georg Ludwig Hartig works in the field of' -> 'anatomy': small rank 219 -> 1 (KL 0.23); random word ' European' rank 167 -> 1   [1182 s]
   185/200 [test] 'North Korea is a member of' -> 'FIFA': small rank 310 -> 6 (KL 0.92); random word ' Turkey' rank 317 -> 5   [1187 s]
   186/200 [test] 'The language of Moondru Per Moondru Kaadhal was' -> 'Turkish': small rank 1693 -> 1 (KL 0.84); random word ' king' rank 1680 -> 9   [1192 s]
   187/200 [test] 'Mariano Gonzalvo speaks' -> 'Hebrew': small rank 476 -> 10 (KL 2.16); random word ' way' rank 448 -> 81   [1197 s]
   188/200 [test] 'Ateneo de Madrid, in' -> 'Uganda': small rank 4528 -> 6 (KL 2.19); random word ' Nan' rank 5644 -> 43   [1202 s]
   189/200 [test] 'Frans Hubert Edouard Arthur Walter Robyns holds a citizenship from' -> 'Georgia': small rank 139 -> 1 (KL 1.16); random word ' Lie' rank 102 -> 5   [1207 s]
   190/200 [test] 'Marthe Mellot spoke the language' -> 'Dutch': small rank 855 -> 11 (KL 1.82); random word ' linked' rank 885 -> 276   [1212 s]
   191/200 [test] 'Nitzan Horowitz found employment in' -> 'Berlin': small rank 33 -> 1 (KL 0.44); random word ' August' rank 26 -> 1   [1218 s]
   192/200 [test] 'Google Earth was developed by' -> 'Adobe': small rank 215 -> 4 (KL 0.90); random word ' NVIDIA' rank 155 -> 9   [1223 s]
   193/200 [test] 'The language of Rasigan is' -> 'Danish': small rank 1000 -> 1 (KL 0.67); random word ' transmitted' rank 955 -> 14   [1228 s]
   194/200 [test] 'Hyder Ali is follower of' -> 'Christianity': small rank 154 -> 1 (KL 1.43); random word ' Meh' rank 209 -> 1   [1233 s]
   195/200 [test] 'Steve Marriott performs on the' -> 'piano': small rank 124 -> 1 (KL 0.24); random word ' Celebrity' rank 146 -> 1   [1238 s]
   196/200 [test] 'iTunes Radio was a product of' -> 'Microsoft': small rank 17 -> 1 (KL 0.30); random word ' two' rank 18 -> 4   [1243 s]
   197/200 [test] 'Katy Garbi, who is a citizen of' -> 'Morocco': small rank 169 -> 1 (KL 0.29); random word ' Bel' rank 173 -> 38   [1248 s]
   198/200 [test] 'Ljig, located in' -> 'Ukraine': small rank 168 -> 3 (KL 1.36); random word ' Belarus' rank 200 -> 3   [1253 s]
   199/200 [test] 'Paul Huet expired at' -> 'Venice': small rank 2159 -> 707 (KL 1.57); random word ' Yok' rank 1814 -> 97   [1258 s]
   200/200 [test] 'Jemappes is located in the country of' -> 'Japan': small rank 28 -> 1 (KL 0.13); random word ' Qatar' rank 22 -> 1   [1263 s]

====================================================================================================
RESULT  steps D1 and D2 (benchmark and edits in small)
  records 200 (50 dev, 150 test); edit toward the counterfactual target reaches rank 1 in small on 116 (58%); edit toward a rank-matched random word reaches rank 1 on 87 of 200 (44%)
  total time 1263 s; saved outputs\transfer\d_edits.pt, outputs\transfer\d_benchmark.json
====================================================================================================
edits exit 0
