# 20_d6_vs_original started 2026-10-10 22:48:54; arguments: 
log: outputs\transfer\logs\20_d6_vs_original_20261010_224854.log
Loaded pretrained model gpt2 into HookedTransformer

==============================================================================================================
RESULT  step D6b (how different is D6's solution from the original edit?)

  PRIMARY and D6 reached rank 1 in training: 84 records (median, quartiles)
    dial vectors: cosine                                              0.27   (0.20 to 0.32)
    dial vectors: Pearson correlation                                 0.27   (0.18 to 0.32)
    dial vectors: sign agreement (dials above 0.1)                    0.62   (0.59 to 0.66)
    dial vectors: size, D6 over original                              0.90   (0.79 to 0.95)
    injected change, last position: cosine D6 vs original             0.51   (0.25 to 0.70)
    injected change, all positions but the first: cosine              0.26   (0.04 to 0.44)
    last position: best scalar multiple of the original               0.35   (0.15 to 0.51)
    last position: size, D6 over original                             0.71   (0.60 to 0.93)
    CHANCE: D6 vs another record's original (last position)           0.02   (-0.08 to 0.15)
    CHANCE: D6 vs another record's D6 (last position)                 0.05   (-0.06 to 0.13)

  ALL test records where D6 reached rank 1 in training: 126 records (median, quartiles)
    dial vectors: cosine                                              0.27   (0.20 to 0.33)
    dial vectors: Pearson correlation                                 0.27   (0.18 to 0.32)
    dial vectors: sign agreement (dials above 0.1)                    0.62   (0.59 to 0.66)
    dial vectors: size, D6 over original                              0.89   (0.81 to 0.94)
    injected change, last position: cosine D6 vs original             0.54   (0.27 to 0.72)
    injected change, all positions but the first: cosine              0.19   (-0.03 to 0.42)
    last position: best scalar multiple of the original               0.38   (0.19 to 0.53)
    last position: size, D6 over original                             0.70   (0.59 to 0.93)
    CHANCE: D6 vs another record's original (last position)           0.00   (-0.10 to 0.13)
    CHANCE: D6 vs another record's D6 (last position)                 0.05   (-0.05 to 0.14)

  median last-position cosine D6 vs original 0.51 (chance levels 0.02 and 0.05)  ->  at least 0.5: the same direction with a different strength (a dose or map fix is plausible)
  reading rule fixed in the plan before the run

  saved outputs/transfer/d6b_compare.json
==============================================================================================================
