# 19_import_experiment started 2026-10-10 22:31:19; arguments: 
log: outputs\transfer\logs\19_import_experiment_20261010_223119.log
Loaded pretrained model gpt2 into HookedTransformer
Loaded pretrained model gpt2-medium into HookedTransformer
21919 facts, 21789 outside the ROME dev and pilot records

[22:31:32] 1/6  baselines: small and medium on every fact (no edit, no translator)
   4220/21789
   8291/21789
   12301/21789
   16439/21789
   20529/21789
   groups: candidates (medium right, small wrong) 780; both right 1372; small right, medium wrong 437; both wrong 19200
   accuracy over all facts: small   8.3% (1809), medium   9.9% (2152); small's top answer equals medium's on  71.1% of the facts

[22:32:17] 2/6  primary arm R (replacement) on every fact, pair m2s_L16_L8
   R: rescue  33.6% of the candidates; survival  78.3% of both-right and  30.4% of small-right-medium-wrong facts; accuracy over all facts   7.2%; agreement with medium's answers  74.7% (small alone  71.1%)

[22:32:46] 3/6  controls on the candidates: C1 wrong-sentence donor, C2 floor (average medium state), C3 random map
   rescue of the controls: C1   0.8%, C2   0.0%, C3   0.0%   (R  33.6%)
   paired test, R against the strongest control (C1): R right and control wrong on 259 candidates, the reverse on 3; one-sided exact p = 4.0e-73

[22:32:51] 4/6  rewordings of the candidates and unrelated prompts (R)
   on 1560 rewordings of the candidates, the true answer is top-1 for: small  13.8%, medium  29.6%, R  13.1%
   on 12 unrelated prompts: KL(small || R) mean 0.17, top-1 flips  33.3%

[22:33:23] 5/6  secondary arms on the candidates: F (full difference) and S (SAE-filtered difference); k and alpha chosen on the dev facts
   F: chosen on 100 dev facts: k 0, alpha 1.0; on the 680 test candidates rescue  33.8%, gain 0.66, median rank 2
   S: chosen on 100 dev facts: k 100, alpha 0.25; on the 680 test candidates rescue   6.3%, gain 0.09, median rank 3; word push of the same size  66.6%
   (R on the same 680 test candidates: rescue  33.8%)

[22:33:50] 6/6  exploratory table: replacement for four other layer pairs (not used to choose anything)
   pair             rescue  survive both-right  survive small-only  accuracy  agreement
   m2s_L16_L8        33.6%               78.3%               30.4%      7.2%      74.7%
   m2s_L12_L8         7.4%               40.6%               14.4%      3.2%      67.2%
   m2s_L8_L6          3.8%               35.6%               12.4%      2.7%      66.7%
   m2s_L4_L2          5.6%               57.6%               42.6%      4.9%      67.9%
   m2s_L20_L10       36.0%               69.8%               16.2%      6.4%      75.8%

========================================================================================================================
RESULT  steps E2 to E4 (Import: medium's state written into small)
  facts outside the ROME dev and pilot records: 21789; candidates 780; both right 1372; small right, medium wrong 437
  accuracy over all facts: small   8.3%, medium   9.9%, stitched model R   7.2%
  agreement of small's top answer with medium's: small alone  71.1%, R  74.7%
  candidates rescued by R  33.6%; controls C1   0.8%, C2   0.0%, C3   0.0%
  survival under R: both-right facts  78.3%, small-right-medium-wrong facts  30.4%

  GATE 8 (arm R, pair m2s_L16_L8): (a) rescue  33.6% >= 50%: NO;  (b) accuracy   7.2% >= halfway   9.1% between small and medium: NO;  (c) 32 points above the strongest control (C1, >= 10) with p = 4.0e-73 (< 0.01): ok;  (d) both-right survival  78.3% >= 90%: NO   ->  FAIL
  reading (fixed in the plan before the run): (a) fails, the agreement with medium does not rise clearly and no secondary arm does better: Import with this map does not work

  descriptive breakdowns of the candidates (R):
   by the ten most common true answers (rescued / total): 'French' 18/64, 'Apple' 17/45, 'English' 16/38, 'Antarctica' 15/37, 'Islam' 9/31, 'Russian' 10/26, 'Microsoft' 10/23, 'France' 13/19, 'London' 8/18, 'Dutch' 4/17
   by small's starting rank of the true answer: rank 2: 137/320;  rank 3 to 5: 84/236;  rank 6 to 20: 36/155;  rank over 20: 5/69
   by medium's confidence: at least 0.5 on 54 facts, R rescues 35 of them; below 0.5 on 726 facts, R rescues 227

  total time 249 s; saved outputs\transfer\e2_import.json and the log outputs\transfer\logs\19_import_experiment_20261010_223119.log
========================================================================================================================
